// Jest Snapshot v1, https://goo.gl/fbAQLP

exports[`renders correctly and matches the snapshot 1`] = `
<div
  className="container"
>
  <div
    className="row"
  >
    <div
      className="col"
    >
      <input
        className="mr-sm-2 searchBarInput"
        onChange={[Function]}
        onKeyPress={[Function]}
        placeholder="Search"
      />
      <img
        alt="Search Icon"
        className="searchIcon"
        onClick={[Function]}
        src="searchIcon.svg"
      />
    </div>
  </div>
</div>
`;
